error: The tag of 'Three' collides with the tag of 'Two'.
  --> tests/derive-serial/fail-colliding-forward.rs:13:28
   |
13 |     #[concordium(forward = 5)]
   |                            ^

error: The tag of 'Two' collides with the tag of 'Three'.
  --> tests/derive-serial/fail-colliding-forward.rs:10:29
   |
10 |     #[concordium(forward = [5, 6])]
   |                             ^
